 * Serving Flask app 'app'
 * Debug mode: on
Address already in use
Port 5001 is in use by another program. Either identify and stop that program, or start the server with a different port.
 * Detected change in '/app/digital-eraser/backend/agent.py', reloading
 * Restarting with stat
 * Debugger is active!
 * Debugger PIN: 132-491-319
 * Detected change in '/app/digital-eraser/backend/app.py', reloading
 * Restarting with stat
 * Debugger is active!
 * Debugger PIN: 132-491-319
 * Detected change in '/app/digital-eraser/backend/app.py', reloading
 * Restarting with stat
 * Debugger is active!
 * Debugger PIN: 132-491-319
 * Detected change in '/app/digital-eraser/backend/agent.py', reloading
 * Restarting with stat
 * Debugger is active!
 * Debugger PIN: 132-491-319
 * Detected change in '/app/digital-eraser/backend/app.py', reloading
 * Restarting with stat
 * Debugger is active!
 * Debugger PIN: 132-491-319
 * Detected change in '/app/digital-eraser/backend/test_app.py', reloading
 * Restarting with stat
 * Debugger is active!
 * Debugger PIN: 132-491-319
 * Detected change in '/app/digital-eraser/backend/app.py', reloading
 * Restarting with stat
 * Debugger is active!
 * Debugger PIN: 132-491-319
